2025-05-28 18:23:27,137 - INFO - SplineQuantileRegressionModel initialized
2025-05-28 18:23:27,138 - INFO - Starting main script.
2025-05-28 18:23:27,151 - INFO - SplineQuantileRegressionModel initialized
2025-05-28 18:23:31,668 - INFO - Data loaded: X shape (3152, 114), y shape (3152,)
2025-05-28 18:23:33,081 - INFO - Data loaded: X shape (1352, 114), y shape (1352,)
2025-05-28 18:23:33,083 - INFO - Data split: Validation (676 samples), Final Test (676 samples).
2025-05-28 18:23:33,085 - INFO - Naive error for MASE: 0.16827769577503204
2025-05-28 18:23:33,096 - INFO - X_reshaped shape: (3147, 6, 114), y_train shape: (3147,)
2025-05-28 18:23:33,288 - INFO - Model built successfully.
2025-05-28 18:25:23,151 - INFO - Model training completed successfully.
2025-05-28 18:25:23,153 - INFO - Training completed. Train Loss: 0.1104, Val Loss: 0.1137
2025-05-28 18:25:35,827 - INFO - Calibrator training finished.
2025-05-28 18:25:39,306 - INFO - Plots saved to: C:\Users\masoud\results\P\sqp_transformer_final\final\new
2025-05-28 18:25:42,186 - INFO - Plots saved to: C:\Users\masoud\results\P\sqp_transformer_final\final\new
2025-05-28 18:25:47,377 - INFO - Data distribution stats: mean=0.0590, std=0.1530, min=-0.4338, max=0.5111
2025-05-28 18:25:47,379 - INFO - Confidence 90%: VaR_Neg=-0.1291, CVaR_Neg=-0.2236, GlueVaR_Neg=-0.2373, omega1=0.4500, omega2=0.4500
2025-05-28 18:25:47,381 - INFO - Confidence 95%: VaR_Neg=-0.2146, CVaR_Neg=-0.2750, GlueVaR_Neg=-0.2923, omega1=0.4750, omega2=0.4750
2025-05-28 18:25:47,383 - INFO - Confidence 99%: VaR_Neg=-0.3237, CVaR_Neg=-0.3616, GlueVaR_Neg=-0.3730, omega1=0.4950, omega2=0.4950
2025-05-28 18:25:48,905 - INFO - Risk metrics saved to: C:\Users\masoud\results\P\sqp_transformer_final\final\new/risk_metrics.xlsx
2025-05-28 18:25:48,906 - INFO - Starting comparison with other distributions
2025-05-28 18:25:48,907 - INFO - Starting improved distribution comparison
2025-05-28 18:25:49,702 - INFO - 
==================================================
2025-05-28 18:25:49,703 - INFO - IMPROVED DISTRIBUTION COMPARISON RESULTS
2025-05-28 18:25:49,705 - INFO - ==================================================
2025-05-28 18:25:49,706 - INFO - 
KL Divergence Ranking (lower is better):
2025-05-28 18:25:49,706 - INFO -  1. johnsonsu      : 0.005911
2025-05-28 18:25:49,708 - INFO -  2. gennorm        : 0.007060
2025-05-28 18:25:49,709 - INFO -  3. normal         : 0.007210
2025-05-28 18:25:49,710 - INFO -  4. lognormal      : 0.007577
2025-05-28 18:25:49,711 - INFO -  5. weibull_min    : 0.008096
2025-05-28 18:25:49,712 - INFO -  6. gamma          : 0.009450
2025-05-28 18:25:49,712 - INFO -  7. logistic       : 0.010842
2025-05-28 18:25:49,714 - INFO -  8. hypsecant      : 0.017514
2025-05-28 18:25:49,715 - INFO -  9. invgauss       : 0.020911
2025-05-28 18:25:49,716 - INFO - 10. laplace        : 0.040466
2025-05-28 18:25:49,718 - INFO - 
AIC Ranking (lower is better):
2025-05-28 18:25:49,719 - INFO -  1. normal         : -611.55
2025-05-28 18:25:49,720 - INFO -  2. lognormal      : -611.03
2025-05-28 18:25:49,721 - INFO -  3. johnsonsu      : -609.78
2025-05-28 18:25:49,722 - INFO -  4. gennorm        : -609.65
2025-05-28 18:25:49,722 - INFO -  5. weibull_min    : -609.33
2025-05-28 18:25:49,724 - INFO -  6. gamma          : -607.93
2025-05-28 18:25:49,725 - INFO -  7. logistic       : -602.41
2025-05-28 18:25:49,726 - INFO -  8. hypsecant      : -588.43
2025-05-28 18:25:49,727 - INFO -  9. invgauss       : -586.43
2025-05-28 18:25:49,728 - INFO - 10. laplace        : -544.84
2025-05-28 18:25:49,729 - INFO - 
BIC Ranking (lower is better):
2025-05-28 18:25:49,730 - INFO -  1. normal         : -602.53
2025-05-28 18:25:49,731 - INFO -  2. lognormal      : -602.01
2025-05-28 18:25:49,731 - INFO -  3. gamma          : -598.91
2025-05-28 18:25:49,733 - INFO -  4. gennorm        : -596.13
2025-05-28 18:25:49,735 - INFO -  5. weibull_min    : -595.80
2025-05-28 18:25:49,736 - INFO -  6. logistic       : -593.39
2025-05-28 18:25:49,737 - INFO -  7. johnsonsu      : -591.74
2025-05-28 18:25:49,738 - INFO -  8. hypsecant      : -579.42
2025-05-28 18:25:49,739 - INFO -  9. invgauss       : -572.90
2025-05-28 18:25:49,740 - INFO - 10. laplace        : -535.82
2025-05-28 18:25:49,741 - INFO - 
Kolmogorov-Smirnov Test Ranking (lower statistic is better):
2025-05-28 18:25:49,744 - INFO -  1. gennorm        : KS=0.0290, p-value=0.6142
2025-05-28 18:25:49,745 - INFO -  2. lognormal      : KS=0.0307, p-value=0.5431
2025-05-28 18:25:49,745 - INFO -  3. normal         : KS=0.0310, p-value=0.5294
2025-05-28 18:25:49,746 - INFO -  4. johnsonsu      : KS=0.0321, p-value=0.4846
2025-05-28 18:25:49,747 - INFO -  5. gamma          : KS=0.0341, p-value=0.4067
2025-05-28 18:25:49,750 - INFO -  6. weibull_min    : KS=0.0358, p-value=0.3484
2025-05-28 18:25:49,751 - INFO -  7. logistic       : KS=0.0375, p-value=0.2953
2025-05-28 18:25:49,752 - INFO -  8. hypsecant      : KS=0.0445, p-value=0.1357
2025-05-28 18:25:49,754 - INFO -  9. invgauss       : KS=0.0499, p-value=0.0688
2025-05-28 18:25:49,755 - INFO - 10. gumbel_l       : KS=0.0589, p-value=0.0181
2025-05-28 18:25:49,756 - INFO - 
TOPSIS...
2025-05-28 18:25:49,758 - INFO - 
======================================================================
2025-05-28 18:25:49,759 - INFO - Distribution Ranking using TOPSIS Method (Top 5):
2025-05-28 18:25:49,760 - INFO -  Metrics used: ['kl_divergence', 'aic', 'bic', 'ks_statistic']
2025-05-28 18:25:49,761 - INFO -  Metric types (cost/benefit): ['cost', 'cost', 'cost', 'cost']
2025-05-28 18:25:49,763 - INFO -  Metric weights: kl_divergence: 0.444, aic: 0.222, bic: 0.222, ks_statistic: 0.111
2025-05-28 18:25:49,764 - INFO - ======================================================================
2025-05-28 18:25:49,765 - INFO - Rank   Distribution         TOPSIS Score (C*)    S* (Distance from Ideal+) S- (Distance from Ideal-)
2025-05-28 18:25:49,766 - INFO - ----------------------------------------------------------------------------------------------------
2025-05-28 18:25:49,767 - INFO - 1      johnsonsu            0.9994               0.0002                    0.3746                   
2025-05-28 18:25:49,768 - INFO - 2      gennorm              0.9990               0.0004                    0.3744                   
2025-05-28 18:25:49,769 - INFO - 3      normal               0.9988               0.0004                    0.3744                   
2025-05-28 18:25:49,770 - INFO - 4      lognormal            0.9986               0.0005                    0.3743                   
2025-05-28 18:25:49,772 - INFO - 5      weibull_min          0.9978               0.0008                    0.3742                   
2025-05-28 18:25:49,773 - INFO - ======================================================================
2025-05-28 18:25:49,774 - INFO - 
list top 5 TOPSIS: ['johnsonsu', 'gennorm', 'normal', 'lognormal', 'weibull_min']
2025-05-28 18:25:50,770 - INFO - 
Detailed results saved to: C:\Users\masoud\results\P\sqp_transformer_final\final\new/improved_distribution_comparison_results.xlsx
2025-05-28 18:25:50,772 - INFO - Comparison plot saved to: C:\Users\masoud\results\P\sqp_transformer_final\final\new/improved_distribution_comparison.png
2025-05-28 18:25:50,809 - INFO - Top 5 distributions saved to: C:\Users\masoud\results\P\sqp_transformer_final\final\new/top_5_distributions.xlsx
2025-05-28 18:25:50,995 - INFO - Model saved to: C:\Users\masoud\results\P\sqp_transformer_final\final\new/sqp_transformer_model_final.keras
2025-05-28 18:32:12,796 - INFO - SplineQuantileRegressionModel initialized
2025-05-28 18:32:12,798 - INFO - Starting main script.
2025-05-28 18:32:12,812 - INFO - SplineQuantileRegressionModel initialized
2025-05-28 18:32:16,975 - INFO - Data loaded: X shape (3152, 114), y shape (3152,)
2025-05-28 18:32:18,398 - INFO - Data loaded: X shape (1352, 114), y shape (1352,)
2025-05-28 18:32:18,400 - INFO - Data split: Validation (676 samples), Final Test (676 samples).
2025-05-28 18:32:18,401 - INFO - Naive error for MASE: 0.16827769577503204
2025-05-28 18:32:18,413 - INFO - X_reshaped shape: (3147, 6, 114), y_train shape: (3147,)
2025-05-28 18:32:18,584 - INFO - Model built successfully.
2025-05-28 18:34:01,649 - INFO - Model training completed successfully.
2025-05-28 18:34:01,651 - INFO - Training completed. Train Loss: 0.1104, Val Loss: 0.1137
2025-05-28 18:34:13,740 - INFO - Calibrator training finished.
2025-05-28 18:34:16,714 - INFO - Plots saved to: C:\Users\masoud\results\P\sqp_transformer_final\final\1
2025-05-28 18:34:19,689 - INFO - Plots saved to: C:\Users\masoud\results\P\sqp_transformer_final\final\1
2025-05-28 18:34:24,313 - INFO - Data distribution stats: mean=0.0590, std=0.1530, min=-0.4338, max=0.5111
2025-05-28 18:34:24,315 - INFO - Confidence 90%: VaR_Neg=-0.1291, CVaR_Neg=-0.2236, GlueVaR_Neg=-0.2373, omega1=0.4500, omega2=0.4500
2025-05-28 18:34:24,317 - INFO - Confidence 95%: VaR_Neg=-0.2146, CVaR_Neg=-0.2750, GlueVaR_Neg=-0.2923, omega1=0.4750, omega2=0.4750
2025-05-28 18:34:24,320 - INFO - Confidence 99%: VaR_Neg=-0.3237, CVaR_Neg=-0.3616, GlueVaR_Neg=-0.3730, omega1=0.4950, omega2=0.4950
2025-05-28 18:34:25,846 - INFO - Risk metrics saved to: C:\Users\masoud\results\P\sqp_transformer_final\final\1/risk_metrics.xlsx
2025-05-28 18:34:25,847 - INFO - Starting comparison with other distributions
2025-05-28 18:34:25,848 - INFO - Starting improved distribution comparison
2025-05-28 18:34:26,785 - INFO - 
==================================================
2025-05-28 18:34:26,787 - INFO - IMPROVED DISTRIBUTION COMPARISON RESULTS
2025-05-28 18:34:26,788 - INFO - ==================================================
2025-05-28 18:34:26,789 - INFO - 
KL Divergence Ranking (lower is better):
2025-05-28 18:34:26,790 - INFO -  1. johnsonsu      : 0.005911
2025-05-28 18:34:26,791 - INFO -  2. gennorm        : 0.007060
2025-05-28 18:34:26,792 - INFO -  3. normal         : 0.007210
2025-05-28 18:34:26,793 - INFO -  4. lognormal      : 0.007577
2025-05-28 18:34:26,794 - INFO -  5. weibull_min    : 0.008096
2025-05-28 18:34:26,795 - INFO -  6. gamma          : 0.009450
2025-05-28 18:34:26,797 - INFO -  7. logistic       : 0.010842
2025-05-28 18:34:26,798 - INFO -  8. hypsecant      : 0.017514
2025-05-28 18:34:26,800 - INFO -  9. invgauss       : 0.020911
2025-05-28 18:34:26,801 - INFO - 10. laplace        : 0.040466
2025-05-28 18:34:26,802 - INFO - 
AIC Ranking (lower is better):
2025-05-28 18:34:26,804 - INFO -  1. normal         : -611.55
2025-05-28 18:34:26,806 - INFO -  2. lognormal      : -611.03
2025-05-28 18:34:26,807 - INFO -  3. johnsonsu      : -609.78
2025-05-28 18:34:26,808 - INFO -  4. gennorm        : -609.65
2025-05-28 18:34:26,809 - INFO -  5. weibull_min    : -609.33
2025-05-28 18:34:26,811 - INFO -  6. gamma          : -607.93
2025-05-28 18:34:26,812 - INFO -  7. logistic       : -602.41
2025-05-28 18:34:26,813 - INFO -  8. hypsecant      : -588.43
2025-05-28 18:34:26,814 - INFO -  9. invgauss       : -586.43
2025-05-28 18:34:26,814 - INFO - 10. laplace        : -544.84
2025-05-28 18:34:26,815 - INFO - 
BIC Ranking (lower is better):
2025-05-28 18:34:26,817 - INFO -  1. normal         : -602.53
2025-05-28 18:34:26,818 - INFO -  2. lognormal      : -602.01
2025-05-28 18:34:26,820 - INFO -  3. gamma          : -598.91
2025-05-28 18:34:26,822 - INFO -  4. gennorm        : -596.13
2025-05-28 18:34:26,823 - INFO -  5. weibull_min    : -595.80
2025-05-28 18:34:26,825 - INFO -  6. logistic       : -593.39
2025-05-28 18:34:26,826 - INFO -  7. johnsonsu      : -591.74
2025-05-28 18:34:26,829 - INFO -  8. hypsecant      : -579.42
2025-05-28 18:34:26,830 - INFO -  9. invgauss       : -572.90
2025-05-28 18:34:26,831 - INFO - 10. laplace        : -535.82
2025-05-28 18:34:26,832 - INFO - 
Kolmogorov-Smirnov Test Ranking (lower statistic is better):
2025-05-28 18:34:26,833 - INFO -  1. gennorm        : KS=0.0290, p-value=0.6142
2025-05-28 18:34:26,835 - INFO -  2. lognormal      : KS=0.0307, p-value=0.5431
2025-05-28 18:34:26,837 - INFO -  3. normal         : KS=0.0310, p-value=0.5294
2025-05-28 18:34:26,838 - INFO -  4. johnsonsu      : KS=0.0321, p-value=0.4846
2025-05-28 18:34:26,840 - INFO -  5. gamma          : KS=0.0341, p-value=0.4067
2025-05-28 18:34:26,842 - INFO -  6. weibull_min    : KS=0.0358, p-value=0.3484
2025-05-28 18:34:26,842 - INFO -  7. logistic       : KS=0.0375, p-value=0.2953
2025-05-28 18:34:26,844 - INFO -  8. hypsecant      : KS=0.0445, p-value=0.1357
2025-05-28 18:34:26,845 - INFO -  9. invgauss       : KS=0.0499, p-value=0.0688
2025-05-28 18:34:26,848 - INFO - 10. gumbel_l       : KS=0.0589, p-value=0.0181
2025-05-28 18:34:26,849 - INFO - 
TOPSIS ...
2025-05-28 18:34:26,852 - INFO - 
======================================================================
2025-05-28 18:34:26,856 - INFO - Distribution Ranking using TOPSIS Method (Top 5):
2025-05-28 18:34:26,858 - INFO -  Metrics used: ['kl_divergence', 'aic', 'bic', 'ks_statistic']
2025-05-28 18:34:26,859 - INFO -  Metric types (cost/benefit): ['cost', 'cost', 'cost', 'cost']
2025-05-28 18:34:26,860 - INFO -  Metric weights: kl_divergence: 0.444, aic: 0.222, bic: 0.222, ks_statistic: 0.111
2025-05-28 18:34:26,862 - INFO - ======================================================================
2025-05-28 18:34:26,863 - INFO - Rank   Distribution         TOPSIS Score (C*)    S* (Distance from Ideal+) S- (Distance from Ideal-)
2025-05-28 18:34:26,864 - INFO - ----------------------------------------------------------------------------------------------------
2025-05-28 18:34:26,866 - INFO - 1      johnsonsu            0.9994               0.0002                    0.3746                   
2025-05-28 18:34:26,867 - INFO - 2      gennorm              0.9990               0.0004                    0.3744                   
2025-05-28 18:34:26,868 - INFO - 3      normal               0.9988               0.0004                    0.3744                   
2025-05-28 18:34:26,869 - INFO - 4      lognormal            0.9986               0.0005                    0.3743                   
2025-05-28 18:34:26,870 - INFO - 5      weibull_min          0.9978               0.0008                    0.3742                   
2025-05-28 18:34:26,872 - INFO - ======================================================================
2025-05-28 18:34:26,872 - INFO - 
list top 5 TOPSIS: ['johnsonsu', 'gennorm', 'normal', 'lognormal', 'weibull_min']
2025-05-28 18:34:27,862 - INFO - 
Detailed results saved to: C:\Users\masoud\results\P\sqp_transformer_final\final\1/improved_distribution_comparison_results.xlsx
2025-05-28 18:34:27,865 - INFO - Comparison plot saved to: C:\Users\masoud\results\P\sqp_transformer_final\final\1/improved_distribution_comparison.png
2025-05-28 18:34:27,900 - INFO - Top 5 distributions saved to: C:\Users\masoud\results\P\sqp_transformer_final\final\1/top_5_distributions.xlsx
2025-05-28 18:34:28,053 - INFO - Model saved to: C:\Users\masoud\results\P\sqp_transformer_final\final\1/sqp_transformer_model_final.keras
